src/components/shared/Navbar.tsx(39,7): error TS6133: 'roleColors' is declared but its value is never read.
src/lib/gemini.ts(1,10): error TS2305: Module '"@google/genai"' has no exported member 'GoogleGenerativeAI'.
